###############################################################################
#
# IAR ELF Linker V8.32.3.193/W32 for ARM                  12/Dec/2019  16:52:06
# Copyright 2007-2019 IAR Systems AB.
#
#    Output file  =  
#        E:\useful document\软件\RT1064核心板资料
#        (1)\RT1064核心板资料\【代码】RT1064开源库+例程\RT1064TEST1\Projecct\IAR\program\nor_sdram_zf_dtcm\Exe\RT106X.out
#    Map file     =  
#        E:\useful document\软件\RT1064核心板资料
#        (1)\RT1064核心板资料\【代码】RT1064开源库+例程\RT1064TEST1\Projecct\IAR\program\nor_sdram_zf_dtcm\List\RT106X.map
#    Command line =  
#        -f C:\Users\dzj\AppData\Local\Temp\EW8887.tmp ("E:\useful
#        document\软件\RT1064核心板资料
#        (1)\RT1064核心板资料\【代码】RT1064开源库+例程\RT1064TEST1\Projecct\IAR\program\nor_sdram_zf_dtcm\Obj\board.o"
#        "E:\useful document\软件\RT1064核心板资料
#        (1)\RT1064核心板资料\【代码】RT1064开源库+例程\RT1064TEST1\Projecct\IAR\program\nor_sdram_zf_dtcm\Obj\clock_config.o"
#        "E:\useful document\软件\RT1064核心板资料
#        (1)\RT1064核心板资料\【代码】RT1064开源库+例程\RT1064TEST1\Projecct\IAR\program\nor_sdram_zf_dtcm\Obj\common.o"
#        "E:\useful document\软件\RT1064核心板资料
#        (1)\RT1064核心板资料\【代码】RT1064开源库+例程\RT1064TEST1\Projecct\IAR\program\nor_sdram_zf_dtcm\Obj\evkmimxrt1064_flexspi_nor_config.o"
#        "E:\useful document\软件\RT1064核心板资料
#        (1)\RT1064核心板资料\【代码】RT1064开源库+例程\RT1064TEST1\Projecct\IAR\program\nor_sdram_zf_dtcm\Obj\evkmimxrt1064_sdram_ini_dcd.o"
#        "E:\useful document\软件\RT1064核心板资料
#        (1)\RT1064核心板资料\【代码】RT1064开源库+例程\RT1064TEST1\Projecct\IAR\program\nor_sdram_zf_dtcm\Obj\fsl_adc.o"
#        "E:\useful document\软件\RT1064核心板资料
#        (1)\RT1064核心板资料\【代码】RT1064开源库+例程\RT1064TEST1\Projecct\IAR\program\nor_sdram_zf_dtcm\Obj\fsl_adc_etc.o"
#        "E:\useful document\软件\RT1064核心板资料
#        (1)\RT1064核心板资料\【代码】RT1064开源库+例程\RT1064TEST1\Projecct\IAR\program\nor_sdram_zf_dtcm\Obj\fsl_aipstz.o"
#        "E:\useful document\软件\RT1064核心板资料
#        (1)\RT1064核心板资料\【代码】RT1064开源库+例程\RT1064TEST1\Projecct\IAR\program\nor_sdram_zf_dtcm\Obj\fsl_aoi.o"
#        "E:\useful document\软件\RT1064核心板资料
#        (1)\RT1064核心板资料\【代码】RT1064开源库+例程\RT1064TEST1\Projecct\IAR\program\nor_sdram_zf_dtcm\Obj\fsl_assert.o"
#        "E:\useful document\软件\RT1064核心板资料
#        (1)\RT1064核心板资料\【代码】RT1064开源库+例程\RT1064TEST1\Projecct\IAR\program\nor_sdram_zf_dtcm\Obj\fsl_bee.o"
#        "E:\useful document\软件\RT1064核心板资料
#        (1)\RT1064核心板资料\【代码】RT1064开源库+例程\RT1064TEST1\Projecct\IAR\program\nor_sdram_zf_dtcm\Obj\fsl_cache.o"
#        "E:\useful document\软件\RT1064核心板资料
#        (1)\RT1064核心板资料\【代码】RT1064开源库+例程\RT1064TEST1\Projecct\IAR\program\nor_sdram_zf_dtcm\Obj\fsl_clock.o"
#        "E:\useful document\软件\RT1064核心板资料
#        (1)\RT1064核心板资料\【代码】RT1064开源库+例程\RT1064TEST1\Projecct\IAR\program\nor_sdram_zf_dtcm\Obj\fsl_cmp.o"
#        "E:\useful document\软件\RT1064核心板资料
#        (1)\RT1064核心板资料\【代码】RT1064开源库+例程\RT1064TEST1\Projecct\IAR\program\nor_sdram_zf_dtcm\Obj\fsl_common.o"
#        "E:\useful document\软件\RT1064核心板资料
#        (1)\RT1064核心板资料\【代码】RT1064开源库+例程\RT1064TEST1\Projecct\IAR\program\nor_sdram_zf_dtcm\Obj\fsl_csi.o"
#        "E:\useful document\软件\RT1064核心板资料
#        (1)\RT1064核心板资料\【代码】RT1064开源库+例程\RT1064TEST1\Projecct\IAR\program\nor_sdram_zf_dtcm\Obj\fsl_dcdc.o"
#        "E:\useful document\软件\RT1064核心板资料
#        (1)\RT1064核心板资料\【代码】RT1064开源库+例程\RT1064TEST1\Projecct\IAR\program\nor_sdram_zf_dtcm\Obj\fsl_dcp.o"
#        "E:\useful document\软件\RT1064核心板资料
#        (1)\RT1064核心板资料\【代码】RT1064开源库+例程\RT1064TEST1\Projecct\IAR\program\nor_sdram_zf_dtcm\Obj\fsl_debug_console.o"
#        "E:\useful document\软件\RT1064核心板资料
#        (1)\RT1064核心板资料\【代码】RT1064开源库+例程\RT1064TEST1\Projecct\IAR\program\nor_sdram_zf_dtcm\Obj\fsl_dmamux.o"
#        "E:\useful document\软件\RT1064核心板资料
#        (1)\RT1064核心板资料\【代码】RT1064开源库+例程\RT1064TEST1\Projecct\IAR\program\nor_sdram_zf_dtcm\Obj\fsl_edma.o"
#        "E:\useful document\软件\RT1064核心板资料
#        (1)\RT1064核心板资料\【代码】RT1064开源库+例程\RT1064TEST1\Projecct\IAR\program\nor_sdram_zf_dtcm\Obj\fsl_elcdif.o"
#        "E:\useful document\软件\RT1064核心板资料
#        (1)\RT1064核心板资料\【代码】RT1064开源库+例程\RT1064TEST1\Projecct\IAR\program\nor_sdram_zf_dtcm\Obj\fsl_enc.o"
#        "E:\useful document\软件\RT1064核心板资料
#        (1)\RT1064核心板资料\【代码】RT1064开源库+例程\RT1064TEST1\Projecct\IAR\program\nor_sdram_zf_dtcm\Obj\fsl_enet.o"
#        "E:\useful document\软件\RT1064核心板资料
#        (1)\RT1064核心板资料\【代码】RT1064开源库+例程\RT1064TEST1\Projecct\IAR\program\nor_sdram_zf_dtcm\Obj\fsl_ewm.o"
#        "E:\useful document\软件\RT1064核心板资料
#        (1)\RT1064核心板资料\【代码】RT1064开源库+例程\RT1064TEST1\Projecct\IAR\program\nor_sdram_zf_dtcm\Obj\fsl_flexcan.o"
#        "E:\useful document\软件\RT1064核心板资料
#        (1)\RT1064核心板资料\【代码】RT1064开源库+例程\RT1064TEST1\Projecct\IAR\program\nor_sdram_zf_dtcm\Obj\fsl_flexio.o"
#        "E:\useful document\软件\RT1064核心板资料
#        (1)\RT1064核心板资料\【代码】RT1064开源库+例程\RT1064TEST1\Projecct\IAR\program\nor_sdram_zf_dtcm\Obj\fsl_flexio_camera.o"
#        "E:\useful document\软件\RT1064核心板资料
#        (1)\RT1064核心板资料\【代码】RT1064开源库+例程\RT1064TEST1\Projecct\IAR\program\nor_sdram_zf_dtcm\Obj\fsl_flexio_i2c_master.o"
#        "E:\useful document\软件\RT1064核心板资料
#        (1)\RT1064核心板资料\【代码】RT1064开源库+例程\RT1064TEST1\Projecct\IAR\program\nor_sdram_zf_dtcm\Obj\fsl_flexio_i2s.o"
#        "E:\useful document\软件\RT1064核心板资料
#        (1)\RT1064核心板资料\【代码】RT1064开源库+例程\RT1064TEST1\Projecct\IAR\program\nor_sdram_zf_dtcm\Obj\fsl_flexio_i2s_edma.o"
#        "E:\useful document\软件\RT1064核心板资料
#        (1)\RT1064核心板资料\【代码】RT1064开源库+例程\RT1064TEST1\Projecct\IAR\program\nor_sdram_zf_dtcm\Obj\fsl_flexio_spi.o"
#        "E:\useful document\软件\RT1064核心板资料
#        (1)\RT1064核心板资料\【代码】RT1064开源库+例程\RT1064TEST1\Projecct\IAR\program\nor_sdram_zf_dtcm\Obj\fsl_flexio_spi_edma.o"
#        "E:\useful document\软件\RT1064核心板资料
#        (1)\RT1064核心板资料\【代码】RT1064开源库+例程\RT1064TEST1\Projecct\IAR\program\nor_sdram_zf_dtcm\Obj\fsl_flexio_uart.o"
#        "E:\useful document\软件\RT1064核心板资料
#        (1)\RT1064核心板资料\【代码】RT1064开源库+例程\RT1064TEST1\Projecct\IAR\program\nor_sdram_zf_dtcm\Obj\fsl_flexio_uart_edma.o"
#        "E:\useful document\软件\RT1064核心板资料
#        (1)\RT1064核心板资料\【代码】RT1064开源库+例程\RT1064TEST1\Projecct\IAR\program\nor_sdram_zf_dtcm\Obj\fsl_flexram.o"
#        "E:\useful document\软件\RT1064核心板资料
#        (1)\RT1064核心板资料\【代码】RT1064开源库+例程\RT1064TEST1\Projecct\IAR\program\nor_sdram_zf_dtcm\Obj\fsl_flexspi.o"
#        "E:\useful document\软件\RT1064核心板资料
#        (1)\RT1064核心板资料\【代码】RT1064开源库+例程\RT1064TEST1\Projecct\IAR\program\nor_sdram_zf_dtcm\Obj\fsl_flexspi_nor_boot.o"
#        "E:\useful document\软件\RT1064核心板资料
#        (1)\RT1064核心板资料\【代码】RT1064开源库+例程\RT1064TEST1\Projecct\IAR\program\nor_sdram_zf_dtcm\Obj\fsl_gpc.o"
#        "E:\useful document\软件\RT1064核心板资料
#        (1)\RT1064核心板资料\【代码】RT1064开源库+例程\RT1064TEST1\Projecct\IAR\program\nor_sdram_zf_dtcm\Obj\fsl_gpio.o"
#        "E:\useful document\软件\RT1064核心板资料
#        (1)\RT1064核心板资料\【代码】RT1064开源库+例程\RT1064TEST1\Projecct\IAR\program\nor_sdram_zf_dtcm\Obj\fsl_gpt.o"
#        "E:\useful document\软件\RT1064核心板资料
#        (1)\RT1064核心板资料\【代码】RT1064开源库+例程\RT1064TEST1\Projecct\IAR\program\nor_sdram_zf_dtcm\Obj\fsl_kpp.o"
#        "E:\useful document\软件\RT1064核心板资料
#        (1)\RT1064核心板资料\【代码】RT1064开源库+例程\RT1064TEST1\Projecct\IAR\program\nor_sdram_zf_dtcm\Obj\fsl_lpi2c.o"
#        "E:\useful document\软件\RT1064核心板资料
#        (1)\RT1064核心板资料\【代码】RT1064开源库+例程\RT1064TEST1\Projecct\IAR\program\nor_sdram_zf_dtcm\Obj\fsl_lpi2c_edma.o"
#        "E:\useful document\软件\RT1064核心板资料
#        (1)\RT1064核心板资料\【代码】RT1064开源库+例程\RT1064TEST1\Projecct\IAR\program\nor_sdram_zf_dtcm\Obj\fsl_lpspi.o"
#        "E:\useful document\软件\RT1064核心板资料
#        (1)\RT1064核心板资料\【代码】RT1064开源库+例程\RT1064TEST1\Projecct\IAR\program\nor_sdram_zf_dtcm\Obj\fsl_lpspi_edma.o"
#        "E:\useful document\软件\RT1064核心板资料
#        (1)\RT1064核心板资料\【代码】RT1064开源库+例程\RT1064TEST1\Projecct\IAR\program\nor_sdram_zf_dtcm\Obj\fsl_lpuart.o"
#        "E:\useful document\软件\RT1064核心板资料
#        (1)\RT1064核心板资料\【代码】RT1064开源库+例程\RT1064TEST1\Projecct\IAR\program\nor_sdram_zf_dtcm\Obj\fsl_lpuart_edma.o"
#        "E:\useful document\软件\RT1064核心板资料
#        (1)\RT1064核心板资料\【代码】RT1064开源库+例程\RT1064TEST1\Projecct\IAR\program\nor_sdram_zf_dtcm\Obj\fsl_notifier.o"
#        "E:\useful document\软件\RT1064核心板资料
#        (1)\RT1064核心板资料\【代码】RT1064开源库+例程\RT1064TEST1\Projecct\IAR\program\nor_sdram_zf_dtcm\Obj\fsl_pit.o"
#        "E:\useful document\软件\RT1064核心板资料
#        (1)\RT1064核心板资料\【代码】RT1064开源库+例程\RT1064TEST1\Projecct\IAR\program\nor_sdram_zf_dtcm\Obj\fsl_pmu.o"
#        "E:\useful document\软件\RT1064核心板资料
#        (1)\RT1064核心板资料\【代码】RT1064开源库+例程\RT1064TEST1\Projecct\IAR\program\nor_sdram_zf_dtcm\Obj\fsl_pwm.o"
#        "E:\useful document\软件\RT1064核心板资料
#        (1)\RT1064核心板资料\【代码】RT1064开源库+例程\RT1064TEST1\Projecct\IAR\program\nor_sdram_zf_dtcm\Obj\fsl_pxp.o"
#        "E:\useful document\软件\RT1064核心板资料
#        (1)\RT1064核心板资料\【代码】RT1064开源库+例程\RT1064TEST1\Projecct\IAR\program\nor_sdram_zf_dtcm\Obj\fsl_qtmr.o"
#        "E:\useful document\软件\RT1064核心板资料
#        (1)\RT1064核心板资料\【代码】RT1064开源库+例程\RT1064TEST1\Projecct\IAR\program\nor_sdram_zf_dtcm\Obj\fsl_rtwdog.o"
#        "E:\useful document\软件\RT1064核心板资料
#        (1)\RT1064核心板资料\【代码】RT1064开源库+例程\RT1064TEST1\Projecct\IAR\program\nor_sdram_zf_dtcm\Obj\fsl_sai.o"
#        "E:\useful document\软件\RT1064核心板资料
#        (1)\RT1064核心板资料\【代码】RT1064开源库+例程\RT1064TEST1\Projecct\IAR\program\nor_sdram_zf_dtcm\Obj\fsl_sai_edma.o"
#        "E:\useful document\软件\RT1064核心板资料
#        (1)\RT1064核心板资料\【代码】RT1064开源库+例程\RT1064TEST1\Projecct\IAR\program\nor_sdram_zf_dtcm\Obj\fsl_sbrk.o"
#        "E:\useful document\软件\RT1064核心板资料
#        (1)\RT1064核心板资料\【代码】RT1064开源库+例程\RT1064TEST1\Projecct\IAR\program\nor_sdram_zf_dtcm\Obj\fsl_semc.o"
#        "E:\useful document\软件\RT1064核心板资料
#        (1)\RT1064核心板资料\【代码】RT1064开源库+例程\RT1064TEST1\Projecct\IAR\program\nor_sdram_zf_dtcm\Obj\fsl_shell.o"
#        "E:\useful document\软件\RT1064核心板资料
#        (1)\RT1064核心板资料\【代码】RT1064开源库+例程\RT1064TEST1\Projecct\IAR\program\nor_sdram_zf_dtcm\Obj\fsl_snvs_hp.o"
#        "E:\useful document\软件\RT1064核心板资料
#        (1)\RT1064核心板资料\【代码】RT1064开源库+例程\RT1064TEST1\Projecct\IAR\program\nor_sdram_zf_dtcm\Obj\fsl_snvs_lp.o"
#        "E:\useful document\软件\RT1064核心板资料
#        (1)\RT1064核心板资料\【代码】RT1064开源库+例程\RT1064TEST1\Projecct\IAR\program\nor_sdram_zf_dtcm\Obj\fsl_spdif.o"
#        "E:\useful document\软件\RT1064核心板资料
#        (1)\RT1064核心板资料\【代码】RT1064开源库+例程\RT1064TEST1\Projecct\IAR\program\nor_sdram_zf_dtcm\Obj\fsl_spdif_edma.o"
#        "E:\useful document\软件\RT1064核心板资料
#        (1)\RT1064核心板资料\【代码】RT1064开源库+例程\RT1064TEST1\Projecct\IAR\program\nor_sdram_zf_dtcm\Obj\fsl_src.o"
#        "E:\useful document\软件\RT1064核心板资料
#        (1)\RT1064核心板资料\【代码】RT1064开源库+例程\RT1064TEST1\Projecct\IAR\program\nor_sdram_zf_dtcm\Obj\fsl_str.o"
#        "E:\useful document\软件\RT1064核心板资料
#        (1)\RT1064核心板资料\【代码】RT1064开源库+例程\RT1064TEST1\Projecct\IAR\program\nor_sdram_zf_dtcm\Obj\fsl_tempmon.o"
#        "E:\useful document\软件\RT1064核心板资料
#        (1)\RT1064核心板资料\【代码】RT1064开源库+例程\RT1064TEST1\Projecct\IAR\program\nor_sdram_zf_dtcm\Obj\fsl_trng.o"
#        "E:\useful document\软件\RT1064核心板资料
#        (1)\RT1064核心板资料\【代码】RT1064开源库+例程\RT1064TEST1\Projecct\IAR\program\nor_sdram_zf_dtcm\Obj\fsl_tsc.o"
#        "E:\useful document\软件\RT1064核心板资料
#        (1)\RT1064核心板资料\【代码】RT1064开源库+例程\RT1064TEST1\Projecct\IAR\program\nor_sdram_zf_dtcm\Obj\fsl_usdhc.o"
#        "E:\useful document\软件\RT1064核心板资料
#        (1)\RT1064核心板资料\【代码】RT1064开源库+例程\RT1064TEST1\Projecct\IAR\program\nor_sdram_zf_dtcm\Obj\fsl_wdog.o"
#        "E:\useful document\软件\RT1064核心板资料
#        (1)\RT1064核心板资料\【代码】RT1064开源库+例程\RT1064TEST1\Projecct\IAR\program\nor_sdram_zf_dtcm\Obj\fsl_xbara.o"
#        "E:\useful document\软件\RT1064核心板资料
#        (1)\RT1064核心板资料\【代码】RT1064开源库+例程\RT1064TEST1\Projecct\IAR\program\nor_sdram_zf_dtcm\Obj\fsl_xbarb.o"
#        "E:\useful document\软件\RT1064核心板资料
#        (1)\RT1064核心板资料\【代码】RT1064开源库+例程\RT1064TEST1\Projecct\IAR\program\nor_sdram_zf_dtcm\Obj\generic_list.o"
#        "E:\useful document\软件\RT1064核心板资料
#        (1)\RT1064核心板资料\【代码】RT1064开源库+例程\RT1064TEST1\Projecct\IAR\program\nor_sdram_zf_dtcm\Obj\isr.o"
#        "E:\useful document\软件\RT1064核心板资料
#        (1)\RT1064核心板资料\【代码】RT1064开源库+例程\RT1064TEST1\Projecct\IAR\program\nor_sdram_zf_dtcm\Obj\lpuart_adapter.o"
#        "E:\useful document\软件\RT1064核心板资料
#        (1)\RT1064核心板资料\【代码】RT1064开源库+例程\RT1064TEST1\Projecct\IAR\program\nor_sdram_zf_dtcm\Obj\main.o"
#        "E:\useful document\软件\RT1064核心板资料
#        (1)\RT1064核心板资料\【代码】RT1064开源库+例程\RT1064TEST1\Projecct\IAR\program\nor_sdram_zf_dtcm\Obj\pin_mux.o"
#        "E:\useful document\软件\RT1064核心板资料
#        (1)\RT1064核心板资料\【代码】RT1064开源库+例程\RT1064TEST1\Projecct\IAR\program\nor_sdram_zf_dtcm\Obj\SEEKFREE_18TFT.o"
#        "E:\useful document\软件\RT1064核心板资料
#        (1)\RT1064核心板资料\【代码】RT1064开源库+例程\RT1064TEST1\Projecct\IAR\program\nor_sdram_zf_dtcm\Obj\SEEKFREE_FONT.o"
#        "E:\useful document\软件\RT1064核心板资料
#        (1)\RT1064核心板资料\【代码】RT1064开源库+例程\RT1064TEST1\Projecct\IAR\program\nor_sdram_zf_dtcm\Obj\SEEKFREE_FUN.o"
#        "E:\useful document\软件\RT1064核心板资料
#        (1)\RT1064核心板资料\【代码】RT1064开源库+例程\RT1064TEST1\Projecct\IAR\program\nor_sdram_zf_dtcm\Obj\SEEKFREE_ICM20602.o"
#        "E:\useful document\软件\RT1064核心板资料
#        (1)\RT1064核心板资料\【代码】RT1064开源库+例程\RT1064TEST1\Projecct\IAR\program\nor_sdram_zf_dtcm\Obj\SEEKFREE_IIC.o"
#        "E:\useful document\软件\RT1064核心板资料
#        (1)\RT1064核心板资料\【代码】RT1064开源库+例程\RT1064TEST1\Projecct\IAR\program\nor_sdram_zf_dtcm\Obj\SEEKFREE_IPS114_SPI.o"
#        "E:\useful document\软件\RT1064核心板资料
#        (1)\RT1064核心板资料\【代码】RT1064开源库+例程\RT1064TEST1\Projecct\IAR\program\nor_sdram_zf_dtcm\Obj\SEEKFREE_IPS200_PARALLEL8.o"
#        "E:\useful document\软件\RT1064核心板资料
#        (1)\RT1064核心板资料\【代码】RT1064开源库+例程\RT1064TEST1\Projecct\IAR\program\nor_sdram_zf_dtcm\Obj\SEEKFREE_L3G4200D.o"
#        "E:\useful document\软件\RT1064核心板资料
#        (1)\RT1064核心板资料\【代码】RT1064开源库+例程\RT1064TEST1\Projecct\IAR\program\nor_sdram_zf_dtcm\Obj\SEEKFREE_MMA8451.o"
#        "E:\useful document\软件\RT1064核心板资料
#        (1)\RT1064核心板资料\【代码】RT1064开源库+例程\RT1064TEST1\Projecct\IAR\program\nor_sdram_zf_dtcm\Obj\SEEKFREE_MPU6050.o"
#        "E:\useful document\软件\RT1064核心板资料
#        (1)\RT1064核心板资料\【代码】RT1064开源库+例程\RT1064TEST1\Projecct\IAR\program\nor_sdram_zf_dtcm\Obj\SEEKFREE_MT9V03X.o"
#        "E:\useful document\软件\RT1064核心板资料
#        (1)\RT1064核心板资料\【代码】RT1064开源库+例程\RT1064TEST1\Projecct\IAR\program\nor_sdram_zf_dtcm\Obj\SEEKFREE_MT9V03X_CSI.o"
#        "E:\useful document\软件\RT1064核心板资料
#        (1)\RT1064核心板资料\【代码】RT1064开源库+例程\RT1064TEST1\Projecct\IAR\program\nor_sdram_zf_dtcm\Obj\SEEKFREE_NRF24L01.o"
#        "E:\useful document\软件\RT1064核心板资料
#        (1)\RT1064核心板资料\【代码】RT1064开源库+例程\RT1064TEST1\Projecct\IAR\program\nor_sdram_zf_dtcm\Obj\SEEKFREE_OLED.o"
#        "E:\useful document\软件\RT1064核心板资料
#        (1)\RT1064核心板资料\【代码】RT1064开源库+例程\RT1064TEST1\Projecct\IAR\program\nor_sdram_zf_dtcm\Obj\SEEKFREE_PRINTF.o"
#        "E:\useful document\软件\RT1064核心板资料
#        (1)\RT1064核心板资料\【代码】RT1064开源库+例程\RT1064TEST1\Projecct\IAR\program\nor_sdram_zf_dtcm\Obj\SEEKFREE_SCC8660.o"
#        "E:\useful document\软件\RT1064核心板资料
#        (1)\RT1064核心板资料\【代码】RT1064开源库+例程\RT1064TEST1\Projecct\IAR\program\nor_sdram_zf_dtcm\Obj\SEEKFREE_SCC8660_CSI.o"
#        "E:\useful document\软件\RT1064核心板资料
#        (1)\RT1064核心板资料\【代码】RT1064开源库+例程\RT1064TEST1\Projecct\IAR\program\nor_sdram_zf_dtcm\Obj\SEEKFREE_VIRSCO.o"
#        "E:\useful document\软件\RT1064核心板资料
#        (1)\RT1064核心板资料\【代码】RT1064开源库+例程\RT1064TEST1\Projecct\IAR\program\nor_sdram_zf_dtcm\Obj\SEEKFREE_W25QXXJV.o"
#        "E:\useful document\软件\RT1064核心板资料
#        (1)\RT1064核心板资料\【代码】RT1064开源库+例程\RT1064TEST1\Projecct\IAR\program\nor_sdram_zf_dtcm\Obj\SEEKFREE_WIRELESS.o"
#        "E:\useful document\软件\RT1064核心板资料
#        (1)\RT1064核心板资料\【代码】RT1064开源库+例程\RT1064TEST1\Projecct\IAR\program\nor_sdram_zf_dtcm\Obj\serial_manager.o"
#        "E:\useful document\软件\RT1064核心板资料
#        (1)\RT1064核心板资料\【代码】RT1064开源库+例程\RT1064TEST1\Projecct\IAR\program\nor_sdram_zf_dtcm\Obj\serial_port_uart.o"
#        "E:\useful document\软件\RT1064核心板资料
#        (1)\RT1064核心板资料\【代码】RT1064开源库+例程\RT1064TEST1\Projecct\IAR\program\nor_sdram_zf_dtcm\Obj\startup_MIMXRT1064.o"
#        "E:\useful document\软件\RT1064核心板资料
#        (1)\RT1064核心板资料\【代码】RT1064开源库+例程\RT1064TEST1\Projecct\IAR\program\nor_sdram_zf_dtcm\Obj\system_MIMXRT1064.o"
#        "E:\useful document\软件\RT1064核心板资料
#        (1)\RT1064核心板资料\【代码】RT1064开源库+例程\RT1064TEST1\Projecct\IAR\program\nor_sdram_zf_dtcm\Obj\wavev4.o"
#        "E:\useful document\软件\RT1064核心板资料
#        (1)\RT1064核心板资料\【代码】RT1064开源库+例程\RT1064TEST1\Projecct\IAR\program\nor_sdram_zf_dtcm\Obj\zf_adc.o"
#        "E:\useful document\软件\RT1064核心板资料
#        (1)\RT1064核心板资料\【代码】RT1064开源库+例程\RT1064TEST1\Projecct\IAR\program\nor_sdram_zf_dtcm\Obj\zf_camera.o"
#        "E:\useful document\软件\RT1064核心板资料
#        (1)\RT1064核心板资料\【代码】RT1064开源库+例程\RT1064TEST1\Projecct\IAR\program\nor_sdram_zf_dtcm\Obj\zf_csi.o"
#        "E:\useful document\软件\RT1064核心板资料
#        (1)\RT1064核心板资料\【代码】RT1064开源库+例程\RT1064TEST1\Projecct\IAR\program\nor_sdram_zf_dtcm\Obj\zf_flash.o"
#        "E:\useful document\软件\RT1064核心板资料
#        (1)\RT1064核心板资料\【代码】RT1064开源库+例程\RT1064TEST1\Projecct\IAR\program\nor_sdram_zf_dtcm\Obj\zf_gpio.o"
#        "E:\useful document\软件\RT1064核心板资料
#        (1)\RT1064核心板资料\【代码】RT1064开源库+例程\RT1064TEST1\Projecct\IAR\program\nor_sdram_zf_dtcm\Obj\zf_iic.o"
#        "E:\useful document\软件\RT1064核心板资料
#        (1)\RT1064核心板资料\【代码】RT1064开源库+例程\RT1064TEST1\Projecct\IAR\program\nor_sdram_zf_dtcm\Obj\zf_iomuxc.o"
#        "E:\useful document\软件\RT1064核心板资料
#        (1)\RT1064核心板资料\【代码】RT1064开源库+例程\RT1064TEST1\Projecct\IAR\program\nor_sdram_zf_dtcm\Obj\zf_pit.o"
#        "E:\useful document\软件\RT1064核心板资料
#        (1)\RT1064核心板资料\【代码】RT1064开源库+例程\RT1064TEST1\Projecct\IAR\program\nor_sdram_zf_dtcm\Obj\zf_pwm.o"
#        "E:\useful document\软件\RT1064核心板资料
#        (1)\RT1064核心板资料\【代码】RT1064开源库+例程\RT1064TEST1\Projecct\IAR\program\nor_sdram_zf_dtcm\Obj\zf_qtimer.o"
#        "E:\useful document\软件\RT1064核心板资料
#        (1)\RT1064核心板资料\【代码】RT1064开源库+例程\RT1064TEST1\Projecct\IAR\program\nor_sdram_zf_dtcm\Obj\zf_rom_api.o"
#        "E:\useful document\软件\RT1064核心板资料
#        (1)\RT1064核心板资料\【代码】RT1064开源库+例程\RT1064TEST1\Projecct\IAR\program\nor_sdram_zf_dtcm\Obj\zf_spi.o"
#        "E:\useful document\软件\RT1064核心板资料
#        (1)\RT1064核心板资料\【代码】RT1064开源库+例程\RT1064TEST1\Projecct\IAR\program\nor_sdram_zf_dtcm\Obj\zf_systick.o"
#        "E:\useful document\软件\RT1064核心板资料
#        (1)\RT1064核心板资料\【代码】RT1064开源库+例程\RT1064TEST1\Projecct\IAR\program\nor_sdram_zf_dtcm\Obj\zf_uart.o"
#        "E:\useful document\软件\RT1064核心板资料
#        (1)\RT1064核心板资料\【代码】RT1064开源库+例程\RT1064TEST1\Projecct\IAR\program\nor_sdram_zf_dtcm\Obj\zf_vector.o"
#        --no_out_extension -o "E:\useful document\软件\RT1064核心板资料
#        (1)\RT1064核心板资料\【代码】RT1064开源库+例程\RT1064TEST1\Projecct\IAR\program\nor_sdram_zf_dtcm\Exe\RT106X.out"
#        --map "E:\useful document\软件\RT1064核心板资料
#        (1)\RT1064核心板资料\【代码】RT1064开源库+例程\RT1064TEST1\Projecct\IAR\program\nor_sdram_zf_dtcm\List\RT106X.map"
#        --config "E:\useful document\软件\RT1064核心板资料
#        (1)\RT1064核心板资料\【代码】RT1064开源库+例程\RT1064TEST1\Projecct\IAR\program\..\..\IAR\icf\MIMXRT1064xxxxx_flexspi_nor.icf"
#        --semihosting --entry __iar_program_start --vfe --text_out locale)
#
###############################################################################

*******************************************************************************
*** RUNTIME MODEL ATTRIBUTES
***

CppFlavor       = *
__Heap_Handler  = DLMalloc
__SystemLibrary = DLib
__dlib_version  = 6


*******************************************************************************
*** HEAP SELECTION
***

The advanced heap was selected because the application calls memory
allocation functions outside of system library functions, and there
are calls to deallocation functions in the application.


*******************************************************************************
*** PLACEMENT SUMMARY
***

"A0":  place at 0x7000'2000 { ro section .intvec };
"A2":  place at 0x7000'0000 { section .boot_hdr.conf };
"A3":  place at 0x7000'1000 { section .boot_hdr.ivt };
"A4":  place at 0x7000'1020 { ro section .boot_hdr.boot_data };
"A5":  place at 0x7000'1030 { ro section .boot_hdr.dcd_data };
"P1":  place in [from 0x7000'2000 to 0x7000'23ff] |
                [from 0x7000'2400 to 0x703f'ffff] { ro };
define block RW { first rw, section m_usb_dma_init_data };
"P2":  place in [from 0x8000'0000 to 0x8000'03ff] |
                [from 0x8000'0400 to 0x81df'ffff] { block RW };
define block SDRAM_VAR
   with alignment = 8 { section SDRAM_CACHE, section SDRAM_CACHE.init };
"P11": place in [from 0x8000'0000 to 0x8000'03ff] |
                [from 0x8000'0400 to 0x81df'ffff] { block SDRAM_VAR };
define block ZI
   with alignment = 32 { first zi, section m_usb_dma_noninit_data };
"P3":  place in [from 0x2000'0000 to 0x2006'efff] { block ZI };
"P4":  place in [from 0x2000'0000 to 0x2006'efff] { section .data };
"P5":  place in [from 0x2000'0000 to 0x2006'efff] { section .textrw };
define block DTCM_VAR
   with alignment = 8 { section NonCacheable, section NonCacheable.init };
"P9":  place in [from 0x2000'0000 to 0x2006'efff] { block DTCM_VAR };
define block CSTACK with size = 4K, alignment = 8 { };
"P7":  place in [from 0x2006'f000 to 0x2006'ffff] { block CSTACK };
define block ITCM_VAR
   with alignment = 8 {
      section ITCM_NonCacheable, section ITCM_NonCacheable.init };
"P8":  place in [from 0x4 to 0xffff] { block ITCM_VAR };
initialize by copy { rw, section .textrw };
initialize by copy { section ITCM_NonCacheable.init };
initialize by copy { ro }
   except {
      ro section .intvec, ro object system_MIMXRT1064.o,
      ro object startup_MIMXRT1064.o, section .boot_hdr.conf,
      section .boot_hdr.ivt, section .boot_hdr.boot_data,
      section .boot_hdr.dcd_data };
keep {
   section .boot_hdr.conf, section .boot_hdr.ivt, section .boot_hdr.boot_data,
   section .boot_hdr.dcd_data };

No sections matched the following patterns:

  section .intvec_RAM              in "A1"
  section .textrw                  in "P3-P5|P9"
  section ITCM_NonCacheable        in block ITCM_VAR
  section NonCacheable.init        in block DTCM_VAR
  section OCRAM_CACHE              in block OCRAM_VAR
  section OCRAM_CACHE.init         in block OCRAM_VAR
  section SDRAM_CACHE              in block SDRAM_VAR
  section SDRAM_CACHE.init         in block SDRAM_VAR
  section SDRAM_NonCacheable       in block SDRAM_NCACHE_VAR
  section SDRAM_NonCacheable.init  in block SDRAM_NCACHE_VAR
  section m_usb_dma_init_data      in block RW
  section m_usb_dma_noninit_data   in block ZI


  Section                 Kind         Address    Size  Object
  -------                 ----         -------    ----  ------
"P8":                                              0xa
  ITCM_VAR                                 0x8     0xa  <Block>
    ITCM_VAR-1                             0x8     0xa  <Init block>
      ITCM_NonCacheable.init
                          inited           0x8     0xa  main.o [1]
                                        - 0x12     0xa

"P3-P5|P9", part 1 of 2:                          0x50
  P3-P5|P9 s0                      0x2000'0000    0x50  <Init block>
    .data                 inited   0x2000'0000    0x28  zf_gpio.o [1]
    .data                 inited   0x2000'0028    0x24  zf_uart.o [1]
    .data                 inited   0x2000'004c     0x4  system_MIMXRT1064.o [1]
                                 - 0x2000'0050    0x50

"P3-P5|P9", part 2 of 2:                        0x97dc
  DTCM_VAR                         0x2000'0050  0x9600  <Block>
    NonCacheable          zero     0x2000'0050  0x9600  SEEKFREE_SCC8660.o [1]
  ZI                               0x2000'9660   0x1cc  <Block>
    .bss                  zero     0x2000'9660     0x4  fsl_clock.o [1]
    .bss                  zero     0x2000'9664     0x4  fsl_clock.o [1]
    .bss                  zero     0x2000'9668     0x4  fsl_csi.o [1]
    .bss                  zero     0x2000'966c     0x4  fsl_csi.o [1]
    .bss                  zero     0x2000'9670    0x1c  fsl_debug_console.o [1]
    .bss                  zero     0x2000'968c     0x4  fsl_debug_console.o [1]
    .bss                  zero     0x2000'9690    0x80  fsl_edma.o [1]
    .bss                  zero     0x2000'9710     0x8  fsl_enet.o [1]
    .bss                  zero     0x2000'9718     0x4  fsl_enet.o [1]
    .bss                  zero     0x2000'971c     0x4  fsl_enet.o [1]
    .bss                  zero     0x2000'9720     0x4  fsl_enet.o [1]
    .bss                  zero     0x2000'9724     0x4  fsl_enet.o [1]
    .bss                  zero     0x2000'9728    0x10  fsl_flexcan.o [1]
    .bss                  zero     0x2000'9738     0x4  fsl_flexcan.o [1]
    .bss                  zero     0x2000'973c     0x8  fsl_flexio.o [1]
    .bss                  zero     0x2000'9744     0x8  fsl_flexio.o [1]
    .bss                  zero     0x2000'974c     0x8  fsl_flexio.o [1]
    .bss                  zero     0x2000'9754     0x4  fsl_lpi2c.o [1]
    .bss                  zero     0x2000'9758    0x14  fsl_lpi2c.o [1]
    .bss                  zero     0x2000'976c     0x4  fsl_lpi2c.o [1]
    .bss                  zero     0x2000'9770    0x14  fsl_lpi2c.o [1]
    .bss                  zero     0x2000'9784    0x14  fsl_lpspi.o [1]
    .bss                  zero     0x2000'9798     0x4  fsl_lpspi.o [1]
    .bss                  zero     0x2000'979c     0x4  fsl_lpspi.o [1]
    .bss                  zero     0x2000'97a0    0x24  fsl_lpuart.o [1]
    .bss                  zero     0x2000'97c4     0x4  fsl_lpuart.o [1]
    .bss                  zero     0x2000'97c8    0x20  fsl_sai.o [1]
    .bss                  zero     0x2000'97e8     0x4  fsl_sai.o [1]
    .bss                  zero     0x2000'97ec     0x4  fsl_sai.o [1]
    .bss                  zero     0x2000'97f0     0x8  fsl_spdif.o [1]
    .bss                  zero     0x2000'97f8     0x4  fsl_spdif.o [1]
    .bss                  zero     0x2000'97fc     0x4  fsl_spdif.o [1]
    .bss                  zero     0x2000'9800     0xc  fsl_usdhc.o [1]
    .bss                  zero     0x2000'980c     0x4  fsl_usdhc.o [1]
    .bss                  zero     0x2000'9810    0x1c  zf_camera.o [1]
                                 - 0x2000'982c  0x97dc

"P7":                                           0x1000
  CSTACK                           0x2006'f000  0x1000  <Block>
    CSTACK                uninit   0x2006'f000  0x1000  <Block tail>
                                 - 0x2007'0000  0x1000

"A2":                                            0x200
  .boot_hdr.conf          const    0x7000'0000   0x200  evkmimxrt1064_flexspi_nor_config.o [1]
                                 - 0x7000'0200   0x200

"A3":                                             0x20
  .boot_hdr.ivt           const    0x7000'1000    0x20  fsl_flexspi_nor_boot.o [1]
                                 - 0x7000'1020    0x20

"A4":                                             0x10
  .boot_hdr.boot_data     const    0x7000'1020    0x10  fsl_flexspi_nor_boot.o [1]
                                 - 0x7000'1030    0x10

"A5":                                            0x430
  .boot_hdr.dcd_data      const    0x7000'1030   0x430  evkmimxrt1064_sdram_ini_dcd.o [1]
                                 - 0x7000'1460   0x430

"A0":                                            0x440
  .intvec                 const    0x7000'2000   0x400  zf_vector.o [1]
  .intvec                 ro code  0x7000'2400    0x40  vector_table_M.o [4]
                                 - 0x7000'2440   0x440

"P1":                                           0x6abc
  .text                   ro code  0x7000'2440   0x1f6  lz77_init.o [4]
  .text                   ro code  0x7000'2636     0x6  abort.o [2]
  .text                   ro code  0x7000'263c    0x14  exit.o [5]
  .text                   ro code  0x7000'2650   0x17e  system_MIMXRT1064.o [1]
  .text                   ro code  0x7000'27ce    0x3a  zero_init3.o [4]
  .text                   ro code  0x7000'2808    0x6c  startup_MIMXRT1064.o [1]
  .text                   ro code  0x7000'2874    0x28  data_init.o [4]
  .text                   ro code  0x7000'289c    0x22  fpinit_M.o [3]
  .iar.init_table         const    0x7000'28c0    0x6c  - Linker created -
  Veneer                  ro code  0x7000'292c     0x8  - Linker created -
  Veneer                  ro code  0x7000'2934     0x8  - Linker created -
  .text                   ro code  0x7000'293c    0x1e  cmain.o [4]
  .text                   ro code  0x7000'295a     0x4  low_level_init.o [2]
  .text                   ro code  0x7000'295e     0xc  cstartup_M.o [4]
  .rodata                 const    0x7000'296a     0x0  zero_init3.o [4]
  .rodata                 const    0x7000'296a     0x0  lz77_init.o [4]
  Initializer bytes       const    0x7000'296a  0x6540  <for RW-1>
  Initializer bytes       const    0x7000'8eaa     0xc  <for ITCM_VAR-1>
  Initializer bytes       const    0x7000'8eb6    0x46  <for P3-P5|P9 s0>
                                 - 0x7000'8efc  0x6abc

"P2|P11":                                       0xc52e
  RW                               0x8000'0400  0xc52e  <Block>
    RW-1                           0x8000'0400  0xc52e  <Init block>
      .rodata             inited   0x8000'0400   0x420  pow64.o [3]
      .rodata             inited   0x8000'0820    0x18  clock_config.o [1]
      .rodata             inited   0x8000'0838    0xa0  clock_config.o [1]
      .rodata             inited   0x8000'08d8     0xc  clock_config.o [1]
      .rodata             inited   0x8000'08e4     0x8  clock_config.o [1]
      .rodata             inited   0x8000'08ec    0x2c  fsl_assert.o [1]
      .rodata             inited   0x8000'0918    0x10  fsl_clock.o [1]
      .rodata             inited   0x8000'0928    0xa0  fsl_clock.o [1]
      .rodata             inited   0x8000'09c8    0x10  fsl_clock.o [1]
      .rodata             inited   0x8000'09d8     0x8  fsl_debug_console.o [1]
      .rodata             inited   0x8000'09e0    0xb8  fsl_debug_console.o [1]
      .rodata             inited   0x8000'0a98     0xc  fsl_debug_console.o [1]
      .rodata             inited   0x8000'0aa4    0x28  fsl_debug_console.o [1]
      .rodata             inited   0x8000'0acc    0x10  fsl_debug_console.o [1]
      .rodata             inited   0x8000'0adc    0xa0  fsl_edma.o [1]
      .rodata             inited   0x8000'0b7c    0x10  fsl_edma.o [1]
      .rodata             inited   0x8000'0b8c     0xc  fsl_edma.o [1]
      .rodata             inited   0x8000'0b98    0x3c  fsl_enet.o [1]
      .rodata             inited   0x8000'0bd4    0xa0  fsl_enet.o [1]
      .rodata             inited   0x8000'0c74     0xc  fsl_enet.o [1]
      .rodata             inited   0x8000'0c80    0xa4  fsl_flexcan.o [1]
      .rodata             inited   0x8000'0d24    0x14  fsl_flexcan.o [1]
      .rodata             inited   0x8000'0d38    0x14  fsl_flexcan.o [1]
      .rodata             inited   0x8000'0d4c    0x14  fsl_flexcan.o [1]
      .rodata             inited   0x8000'0d60     0xc  fsl_gpio.o [1]
      .rodata             inited   0x8000'0d6c    0xa0  fsl_gpio.o [1]
      .rodata             inited   0x8000'0e0c    0x3c  fsl_gpio.o [1]
      .rodata             inited   0x8000'0e48    0xa0  fsl_gpio.o [1]
      .rodata             inited   0x8000'0ee8     0xc  fsl_gpio.o [1]
      .rodata             inited   0x8000'0ef4    0x28  fsl_gpio.o [1]
      .rodata             inited   0x8000'0f1c     0xc  fsl_gpio.o [1]
      .rodata             inited   0x8000'0f28    0xa0  fsl_lpspi.o [1]
      .rodata             inited   0x8000'0fc8    0x14  fsl_lpspi.o [1]
      .rodata             inited   0x8000'0fdc    0x14  fsl_lpspi.o [1]
      .rodata             inited   0x8000'0ff0    0x14  fsl_lpspi.o [1]
      .rodata             inited   0x8000'1004    0x14  fsl_lpspi.o [1]
      .rodata             inited   0x8000'1018     0xc  fsl_lpuart.o [1]
      .rodata             inited   0x8000'1024    0xa0  fsl_lpuart.o [1]
      .rodata             inited   0x8000'10c4    0x40  fsl_lpuart.o [1]
      .rodata             inited   0x8000'1104    0xa0  fsl_lpuart.o [1]
      .rodata             inited   0x8000'11a4     0x8  fsl_lpuart.o [1]
      .rodata             inited   0x8000'11ac     0x8  fsl_lpuart.o [1]
      .rodata             inited   0x8000'11b4    0x18  fsl_lpuart.o [1]
      .rodata             inited   0x8000'11cc    0x20  fsl_lpuart.o [1]
      .rodata             inited   0x8000'11ec    0x20  fsl_lpuart.o [1]
      .rodata             inited   0x8000'120c    0x24  fsl_lpuart.o [1]
      .rodata             inited   0x8000'1230    0x14  fsl_lpuart.o [1]
      .rodata             inited   0x8000'1244    0xa0  fsl_sai.o [1]
      .rodata             inited   0x8000'12e4    0x14  fsl_sai.o [1]
      .rodata             inited   0x8000'12f8    0x14  fsl_sai.o [1]
      .rodata             inited   0x8000'130c     0xc  fsl_usdhc.o [1]
      .rodata             inited   0x8000'1318     0x8  lpuart_adapter.o [1]
      .rodata             inited   0x8000'1320    0xb0  lpuart_adapter.o [1]
      .rodata             inited   0x8000'13d0     0x8  lpuart_adapter.o [1]
      .rodata             inited   0x8000'13d8    0x4c  lpuart_adapter.o [1]
      .rodata             inited   0x8000'1424    0x28  lpuart_adapter.o [1]
      .rodata             inited   0x8000'144c     0x8  lpuart_adapter.o [1]
      .rodata             inited   0x8000'1454     0x8  lpuart_adapter.o [1]
      .rodata             inited   0x8000'145c    0x24  lpuart_adapter.o [1]
      .rodata             inited   0x8000'1480     0xc  serial_manager.o [1]
      .rodata             inited   0x8000'148c    0xb8  serial_manager.o [1]
      .rodata             inited   0x8000'1544     0x8  serial_manager.o [1]
      .rodata             inited   0x8000'154c     0x8  serial_manager.o [1]
      .rodata             inited   0x8000'1554     0x8  serial_manager.o [1]
      .rodata             inited   0x8000'155c     0xc  serial_manager.o [1]
      .rodata             inited   0x8000'1568     0x8  serial_manager.o [1]
      .rodata             inited   0x8000'1570    0x10  serial_manager.o [1]
      .rodata             inited   0x8000'1580    0x10  serial_port_uart.o [1]
      .rodata             inited   0x8000'1590    0xbc  serial_port_uart.o [1]
      .rodata             inited   0x8000'164c    0x10  serial_port_uart.o [1]
      .rodata             inited   0x8000'165c     0x8  serial_port_uart.o [1]
      .rodata             inited   0x8000'1664     0x8  serial_port_uart.o [1]
      .rodata             inited   0x8000'166c     0xc  zf_iomuxc.o [1]
      .rodata             inited   0x8000'1678    0xa0  zf_iomuxc.o [1]
      .rodata             inited   0x8000'1718    0xa4  zf_iomuxc.o [1]
      .rodata             inited   0x8000'17bc    0xa0  zf_uart.o [1]
      .text               inited   0x8000'185c   0x338  board.o [1]
      .text               inited   0x8000'1b94   0x6f4  clock_config.o [1]
      .text               inited   0x8000'2288    0x1c  fsl_assert.o [1]
      .text               inited   0x8000'22a4   0x3f0  fsl_clock.o [1]
      .text               inited   0x8000'2694    0x20  fsl_csi.o [1]
      .text               inited   0x8000'26b4   0x1cc  fsl_debug_console.o [1]
      .text               inited   0x8000'2880   0x47c  fsl_edma.o [1]
      .text               inited   0x8000'2cfc    0xec  fsl_enet.o [1]
      .text               inited   0x8000'2de8    0x98  fsl_flexcan.o [1]
      .text               inited   0x8000'2e80    0x64  fsl_flexio.o [1]
      .text               inited   0x8000'2ee4    0x3c  fsl_flexio_camera.o [1]
      .text               inited   0x8000'2f20   0x1f2  fsl_gpio.o [1]
      .text               inited   0x8000'3114    0x90  fsl_lpi2c.o [1]
      .text               inited   0x8000'31a4    0xf0  fsl_lpspi.o [1]
      .text               inited   0x8000'3294   0x4d0  fsl_lpuart.o [1]
      .text               inited   0x8000'3764   0x138  fsl_sai.o [1]
      .text               inited   0x8000'389c    0x44  fsl_spdif.o [1]
      .text               inited   0x8000'38e0   0x964  fsl_str.o [1]
      .text               inited   0x8000'4244    0x34  fsl_usdhc.o [1]
      .text               inited   0x8000'4278    0xc0  isr.o [1]
      .text               inited   0x8000'4338   0x174  lpuart_adapter.o [1]
      .text               inited   0x8000'44ac    0x30  SEEKFREE_SCC8660.o [1]
      .text               inited   0x8000'44dc   0x1fc  serial_manager.o [1]
      .text               inited   0x8000'46d8    0xd4  serial_port_uart.o [1]
      .text               inited   0x8000'47ac    0x30  zf_camera.o [1]
      .text               inited   0x8000'47dc    0x94  zf_gpio.o [1]
      .text               inited   0x8000'4870  0x6ab0  zf_iomuxc.o [1]
      .text               inited   0x8000'b320   0x3c8  zf_uart.o [1]
      .text               inited   0x8000'b6e8    0x66  ABImemset.o [4]
      .text               inited   0x8000'b750    0x86  ABImemcpy.o [4]
      .text               inited   0x8000'b7d8     0x6  ABImemclr4.o [4]
      .text               inited   0x8000'b7e0   0x274  I64DivMod.o [4]
      .text               inited   0x8000'ba54    0x36  strlen.o [4]
      .text               inited   0x8000'ba8c    0x5c  DblToS64.o [3]
      .text               inited   0x8000'bae8    0x52  S64ToDbl.o [3]
      .text               inited   0x8000'bb3c    0x9e  modf.o [3]
      .text               inited   0x8000'bbdc   0x570  pow64.o [3]
      .text               inited   0x8000'c14c    0x32  ABImemset48.o [4]
      .text               inited   0x8000'c180     0x2  I64DivZer.o [4]
      .text               inited   0x8000'c184   0x368  iar_Exp64.o [3]
      .text               inited   0x8000'c4ec    0x7c  frexp.o [3]
      .text               inited   0x8000'c568    0xf0  ldexp.o [3]
      Veneer              inited   0x8000'c658     0x8  - Linker created -
      .text               inited   0x8000'c660     0xa  cexit.o [4]
      .text               inited   0x8000'c66a    0x12  common.o [1]
      Veneer              inited   0x8000'c67c     0x8  - Linker created -
      .text               inited   0x8000'c684    0x3a  main.o [1]
      .text               inited   0x8000'c6be     0x8  zf_vector.o [1]
      .text               inited   0x8000'c6c6     0x8  zf_vector.o [1]
      .text               inited   0x8000'c6ce     0x8  zf_vector.o [1]
      .text               inited   0x8000'c6d6     0x8  zf_vector.o [1]
      .text               inited   0x8000'c6de     0x8  zf_vector.o [1]
      .text               inited   0x8000'c6e6     0x8  zf_vector.o [1]
      .text               inited   0x8000'c6ee     0x8  zf_vector.o [1]
      .text               inited   0x8000'c6f6     0x8  zf_vector.o [1]
      .text               inited   0x8000'c6fe     0x8  zf_vector.o [1]
      .text               inited   0x8000'c706     0x8  zf_vector.o [1]
      .text               inited   0x8000'c70e     0x8  zf_vector.o [1]
      .text               inited   0x8000'c716     0x8  zf_vector.o [1]
      .text               inited   0x8000'c71e     0x8  zf_vector.o [1]
      .text               inited   0x8000'c726     0x8  zf_vector.o [1]
      .text               inited   0x8000'c72e     0x8  zf_vector.o [1]
      .text               inited   0x8000'c736     0x8  zf_vector.o [1]
      .text               inited   0x8000'c73e     0x8  zf_vector.o [1]
      .text               inited   0x8000'c746     0x2  zf_vector.o [1]
      .text               inited   0x8000'c748     0x2  zf_vector.o [1]
      .text               inited   0x8000'c74a     0x2  zf_vector.o [1]
      .text               inited   0x8000'c74c     0x8  zf_vector.o [1]
      .text               inited   0x8000'c754     0x8  zf_vector.o [1]
      .text               inited   0x8000'c75c     0x8  zf_vector.o [1]
      .text               inited   0x8000'c764     0x8  zf_vector.o [1]
      .text               inited   0x8000'c76c     0x8  zf_vector.o [1]
      .text               inited   0x8000'c774     0x8  zf_vector.o [1]
      .text               inited   0x8000'c77c     0x8  zf_vector.o [1]
      .text               inited   0x8000'c784     0x8  zf_vector.o [1]
      .text               inited   0x8000'c78c     0x8  zf_vector.o [1]
      .text               inited   0x8000'c794     0x8  zf_vector.o [1]
      .text               inited   0x8000'c79c     0x8  zf_vector.o [1]
      .text               inited   0x8000'c7a4     0x8  zf_vector.o [1]
      .text               inited   0x8000'c7ac     0x8  zf_vector.o [1]
      .text               inited   0x8000'c7b4     0x8  zf_vector.o [1]
      .text               inited   0x8000'c7bc     0x8  zf_vector.o [1]
      .text               inited   0x8000'c7c4     0x8  zf_vector.o [1]
      .text               inited   0x8000'c7cc     0x8  zf_vector.o [1]
      .text               inited   0x8000'c7d4     0x8  zf_vector.o [1]
      .text               inited   0x8000'c7dc     0x2  zf_vector.o [1]
      .text               inited   0x8000'c7de     0x2  zf_vector.o [1]
      .text               inited   0x8000'c7e0     0x2  zf_vector.o [1]
      .text               inited   0x8000'c7e2     0x2  zf_vector.o [1]
      .text               inited   0x8000'c7e4     0x2  zf_vector.o [1]
      .text               inited   0x8000'c7e6     0x2  zf_vector.o [1]
      .text               inited   0x8000'c7e8     0x2  zf_vector.o [1]
      .text               inited   0x8000'c7ea     0x2  zf_vector.o [1]
      .text               inited   0x8000'c7ec     0x2  zf_vector.o [1]
      .text               inited   0x8000'c7ee     0x2  zf_vector.o [1]
      .text               inited   0x8000'c7f0     0x2  zf_vector.o [1]
      .text               inited   0x8000'c7f2     0x2  zf_vector.o [1]
      .text               inited   0x8000'c7f4     0x2  zf_vector.o [1]
      .text               inited   0x8000'c7f6     0x2  zf_vector.o [1]
      .text               inited   0x8000'c7f8     0x2  zf_vector.o [1]
      .text               inited   0x8000'c7fa     0x2  zf_vector.o [1]
      .text               inited   0x8000'c7fc     0x2  zf_vector.o [1]
      .text               inited   0x8000'c7fe     0x8  zf_vector.o [1]
      .text               inited   0x8000'c806     0x8  zf_vector.o [1]
      .text               inited   0x8000'c80e     0x8  zf_vector.o [1]
      .text               inited   0x8000'c816     0x8  zf_vector.o [1]
      .text               inited   0x8000'c81e     0x8  zf_vector.o [1]
      .text               inited   0x8000'c826     0x2  zf_vector.o [1]
      .text               inited   0x8000'c828     0x2  zf_vector.o [1]
      .text               inited   0x8000'c82a     0x2  zf_vector.o [1]
      .text               inited   0x8000'c82c     0x2  zf_vector.o [1]
      .text               inited   0x8000'c82e     0x2  zf_vector.o [1]
      .text               inited   0x8000'c830     0x2  zf_vector.o [1]
      .text               inited   0x8000'c832     0x2  zf_vector.o [1]
      .text               inited   0x8000'c834     0x2  zf_vector.o [1]
      .text               inited   0x8000'c836     0x2  zf_vector.o [1]
      .text               inited   0x8000'c838     0x2  zf_vector.o [1]
      .text               inited   0x8000'c83a     0x2  zf_vector.o [1]
      .text               inited   0x8000'c83c     0x2  zf_vector.o [1]
      .text               inited   0x8000'c83e     0x2  zf_vector.o [1]
      .text               inited   0x8000'c840     0x2  zf_vector.o [1]
      .text               inited   0x8000'c842     0x2  zf_vector.o [1]
      .text               inited   0x8000'c844     0x2  zf_vector.o [1]
      .text               inited   0x8000'c846     0x2  zf_vector.o [1]
      .text               inited   0x8000'c848     0x2  zf_vector.o [1]
      .text               inited   0x8000'c84a     0x2  zf_vector.o [1]
      .text               inited   0x8000'c84c     0x2  zf_vector.o [1]
      .text               inited   0x8000'c84e     0x2  zf_vector.o [1]
      .text               inited   0x8000'c850     0x2  zf_vector.o [1]
      .text               inited   0x8000'c852     0x2  zf_vector.o [1]
      .text               inited   0x8000'c854     0x2  zf_vector.o [1]
      .text               inited   0x8000'c856     0x2  zf_vector.o [1]
      .text               inited   0x8000'c858     0x2  zf_vector.o [1]
      .text               inited   0x8000'c85a     0x2  zf_vector.o [1]
      .text               inited   0x8000'c85c     0x8  zf_vector.o [1]
      .text               inited   0x8000'c864     0x8  zf_vector.o [1]
      .text               inited   0x8000'c86c     0x2  zf_vector.o [1]
      .text               inited   0x8000'c86e     0x2  zf_vector.o [1]
      .text               inited   0x8000'c870     0x2  zf_vector.o [1]
      .text               inited   0x8000'c872     0x2  zf_vector.o [1]
      .text               inited   0x8000'c874     0x2  zf_vector.o [1]
      .text               inited   0x8000'c876     0x2  zf_vector.o [1]
      .text               inited   0x8000'c878     0x2  zf_vector.o [1]
      .text               inited   0x8000'c87a     0x2  zf_vector.o [1]
      .text               inited   0x8000'c87c     0x2  zf_vector.o [1]
      .text               inited   0x8000'c87e     0x2  zf_vector.o [1]
      .text               inited   0x8000'c880     0x2  zf_vector.o [1]
      .text               inited   0x8000'c882     0x2  zf_vector.o [1]
      .text               inited   0x8000'c884     0x2  zf_vector.o [1]
      .text               inited   0x8000'c886     0x2  zf_vector.o [1]
      .text               inited   0x8000'c888     0x2  zf_vector.o [1]
      .text               inited   0x8000'c88a     0x8  zf_vector.o [1]
      .text               inited   0x8000'c892     0x8  zf_vector.o [1]
      .text               inited   0x8000'c89a     0x2  zf_vector.o [1]
      .text               inited   0x8000'c89c     0x8  zf_vector.o [1]
      .text               inited   0x8000'c8a4     0x8  zf_vector.o [1]
      .text               inited   0x8000'c8ac     0x2  zf_vector.o [1]
      .text               inited   0x8000'c8ae     0x2  zf_vector.o [1]
      .text               inited   0x8000'c8b0     0x8  zf_vector.o [1]
      .text               inited   0x8000'c8b8     0x2  zf_vector.o [1]
      .text               inited   0x8000'c8ba     0x2  zf_vector.o [1]
      .text               inited   0x8000'c8bc     0x2  zf_vector.o [1]
      .text               inited   0x8000'c8be     0x2  zf_vector.o [1]
      .text               inited   0x8000'c8c0     0x2  zf_vector.o [1]
      .text               inited   0x8000'c8c2     0x2  zf_vector.o [1]
      .text               inited   0x8000'c8c4     0x2  zf_vector.o [1]
      .text               inited   0x8000'c8c6     0x2  zf_vector.o [1]
      .text               inited   0x8000'c8c8     0x2  zf_vector.o [1]
      .text               inited   0x8000'c8ca     0x2  zf_vector.o [1]
      .text               inited   0x8000'c8cc     0x2  zf_vector.o [1]
      .text               inited   0x8000'c8ce     0x2  zf_vector.o [1]
      .text               inited   0x8000'c8d0     0x2  zf_vector.o [1]
      .text               inited   0x8000'c8d2     0x2  zf_vector.o [1]
      .text               inited   0x8000'c8d4     0x2  zf_vector.o [1]
      .text               inited   0x8000'c8d6     0x2  zf_vector.o [1]
      .text               inited   0x8000'c8d8     0x2  zf_vector.o [1]
      .text               inited   0x8000'c8da     0x2  zf_vector.o [1]
      .text               inited   0x8000'c8dc     0x2  zf_vector.o [1]
      .text               inited   0x8000'c8de     0x2  zf_vector.o [1]
      .text               inited   0x8000'c8e0     0x2  zf_vector.o [1]
      .text               inited   0x8000'c8e2     0x2  zf_vector.o [1]
      .text               inited   0x8000'c8e4     0x2  zf_vector.o [1]
      .text               inited   0x8000'c8e6     0x2  zf_vector.o [1]
      .text               inited   0x8000'c8e8     0x2  zf_vector.o [1]
      .text               inited   0x8000'c8ea     0x2  zf_vector.o [1]
      .text               inited   0x8000'c8ec     0x2  zf_vector.o [1]
      .text               inited   0x8000'c8ee     0x2  zf_vector.o [1]
      .text               inited   0x8000'c8f0     0x2  zf_vector.o [1]
      .text               inited   0x8000'c8f2     0x2  zf_vector.o [1]
      .text               inited   0x8000'c8f4     0x2  zf_vector.o [1]
      .text               inited   0x8000'c8f6     0x2  zf_vector.o [1]
      .text               inited   0x8000'c8f8     0x2  zf_vector.o [1]
      .text               inited   0x8000'c8fa     0x2  zf_vector.o [1]
      .text               inited   0x8000'c8fc     0x2  zf_vector.o [1]
      .text               inited   0x8000'c8fe     0x8  zf_vector.o [1]
      .text               inited   0x8000'c906     0x8  zf_vector.o [1]
      .text               inited   0x8000'c90e     0x8  zf_vector.o [1]
      .text               inited   0x8000'c916     0x2  zf_vector.o [1]
      .text               inited   0x8000'c918     0x8  zf_vector.o [1]
      .text               inited   0x8000'c920     0x2  zf_vector.o [1]
      .text               inited   0x8000'c922     0x2  zf_vector.o [1]
      .text               inited   0x8000'c924     0x2  zf_vector.o [1]
      .text               inited   0x8000'c926     0x2  zf_vector.o [1]
      .text               inited   0x8000'c928     0x2  zf_vector.o [1]
      .text               inited   0x8000'c92a     0x4  exit.o [2]
                                 - 0x8000'c92e  0xc52e

Unused ranges:

         From           To        Size
         ----           --        ----
          0x4          0x7         0x4
         0x12       0xffff      0xffee
  0x2000'982c  0x2006'efff    0x6'57d4
  0x7000'8efc  0x703f'ffff   0x3f'7104
  0x8000'0000  0x8000'03ff       0x400
  0x8000'c92e  0x81df'ffff  0x1df'36d2


*******************************************************************************
*** INIT TABLE
***

          Address      Size
          -------      ----
Zero (__iar_zero_init3)
    2 destination ranges, total size 0x97cc:
          0x2000'0050  0x9600
          0x2000'9660   0x1cc

Copy/lz77 (__iar_lz77_init3)
    1 source range, total size 0x6540 (51% of destination):
          0x7000'296a  0x6540
    1 destination range, total size 0xc52e:
          0x8000'0400  0xc52e

Copy/lz77 (__iar_lz77_init3)
    1 source range, total size 0xc (120% of destination):
          0x7000'8eaa     0xc
    1 destination range, total size 0xa:
                  0x8     0xa

Copy/lz77 (__iar_lz77_init3)
    1 source range, total size 0x46 (87% of destination):
          0x7000'8eb6    0x46
    1 destination range, total size 0x50:
          0x2000'0000    0x50



*******************************************************************************
*** MODULE SUMMARY
***

    Module                              ro code  rw code  ro data  rw data
    ------                              -------  -------  -------  -------
command line/config:
    ----------------------------------------------------------------------
    Total:

E:\useful document\软件\RT1064核心板资料 (1)\RT1064核心板资料\【代码】RT1064开源库+例程\RT1064TEST1\Projecct\IAR\program\nor_sdram_zf_dtcm\Obj: [1]
    SEEKFREE_SCC8660.o                                48       25   38 400
    board.o                                          824      423
    clock_config.o                                 1 780    1 018      204
    common.o                                          18        9
    evkmimxrt1064_flexspi_nor_config.o                        512
    evkmimxrt1064_sdram_ini_dcd.o                           1 072
    fsl_assert.o                                      28       37       44
    fsl_clock.o                                    1 008      617      200
    fsl_csi.o                                         32       16        8
    fsl_debug_console.o                              460      370      292
    fsl_edma.o                                     1 148      686      316
    fsl_enet.o                                       236      240      256
    fsl_flexcan.o                                    152      193      244
    fsl_flexio.o                                     100       52       24
    fsl_flexio_camera.o                               60       30
    fsl_flexspi_nor_boot.o                                     48
    fsl_gpio.o                                       498      490      456
    fsl_lpi2c.o                                      144       75       48
    fsl_lpspi.o                                      240      246      268
    fsl_lpuart.o                                   1 232      919      596
    fsl_sai.o                                        312      262      240
    fsl_spdif.o                                       68       35       16
    fsl_str.o                                      2 404    1 235
    fsl_usdhc.o                                       52       33       28
    isr.o                                            192       99
    lpuart_adapter.o                                 372      375      360
    main.o                                            68       42
    serial_manager.o                                 508      392      256
    serial_port_uart.o                               212      230      236
    startup_MIMXRT1064.o                    108
    system_MIMXRT1064.o                     382                 4        4
    zf_camera.o                                       48       25       28
    zf_gpio.o                                        148      111       40
    zf_iomuxc.o                                   27 312   14 197      336
    zf_uart.o                                        968      610      196
    zf_vector.o                                      620    1 342
    ----------------------------------------------------------------------
    Total:                                  490   41 292   26 070   43 096

dl7M_tln.a: [2]
    abort.o                                   6
    exit.o                                             4        3
    low_level_init.o                          4
    ----------------------------------------------------------------------
    Total:                                   10        4        3

m7M_tlv.a: [3]
    DblToS64.o                                        92       48
    S64ToDbl.o                                        82       42
    fpinit_M.o                               34
    frexp.o                                          124       63
    iar_Exp64.o                                      872      449
    ldexp.o                                          240      124
    modf.o                                           158       82
    pow64.o                                        1 392    1 258    1 056
    ----------------------------------------------------------------------
    Total:                                   34    2 960    2 066    1 056

rt7M_tl.a: [4]
    ABImemclr4.o                                       6        4
    ABImemcpy.o                                      134       70
    ABImemset.o                                      102       53
    ABImemset48.o                                     50       26
    I64DivMod.o                                      628      323
    I64DivZer.o                                        2        2
    cexit.o                                           10        5
    cmain.o                                  30
    cstartup_M.o                             12
    data_init.o                              40
    lz77_init.o                             502
    strlen.o                                          54       28
    vector_table_M.o                         64
    zero_init3.o                             58
    ----------------------------------------------------------------------
    Total:                                  706      986      511

shb_l.a: [5]
    exit.o                                   20
    ----------------------------------------------------------------------
    Total:                                   20

    Gaps                                              18        2
    Linker created                           16       16      116    4 096
--------------------------------------------------------------------------
    Grand Total:                          1 276   45 276   28 768   48 248


*******************************************************************************
*** ENTRY LIST
***

Entry                       Address    Size  Type      Object
-----                       -------    ----  ----      ------
.iar.init_table$$Base   0x7000'28c0           --   Gb  - Linker created -
.iar.init_table$$Limit  0x7000'292c           --   Gb  - Linker created -
?main                   0x7000'293d          Code  Gb  cmain.o [4]
ARM_MPU_Disable         0x8000'189f    0x20  Code  Lc  board.o [1]
ARM_MPU_Enable          0x8000'187f    0x20  Code  Lc  board.o [1]
BOARD_BootClockRUN      0x8000'1d15   0x448  Code  Gb  clock_config.o [1]
BOARD_ConfigMPU         0x8000'1a6b    0x7c  Code  Gb  board.o [1]
BOARD_DebugConsoleSrcFreq
                        0x8000'1a19    0x3a  Code  Gb  board.o [1]
BOARD_InitDebugConsole  0x8000'1a53    0x18  Code  Gb  board.o [1]
BusFault_Handler        0x8000'c671     0x2  Code  Gb  common.o [1]
CAN1_DriverIRQHandler   0x8000'2de9    0x26  Code  Gb  fsl_flexcan.o [1]
CAN2_DriverIRQHandler   0x8000'2e0f    0x26  Code  Gb  fsl_flexcan.o [1]
CAN3_DriverIRQHandler   0x8000'2e35    0x26  Code  Gb  fsl_flexcan.o [1]
CLOCK_ControlGate       0x8000'1c81    0x48  Code  Lc  clock_config.o [1]
CLOCK_ControlGate       0x8000'2f21    0x42  Code  Lc  fsl_gpio.o [1]
CLOCK_ControlGate       0x8000'3295    0x48  Code  Lc  fsl_lpuart.o [1]
CLOCK_ControlGate       0x8000'4871    0x42  Code  Lc  zf_iomuxc.o [1]
CLOCK_DeinitAudioPll    0x8000'23c3     0xc  Code  Gb  fsl_clock.o [1]
CLOCK_DeinitEnetPll     0x8000'23db     0xc  Code  Gb  fsl_clock.o [1]
CLOCK_DeinitUsb2Pll     0x8000'23b9     0xa  Code  Gb  fsl_clock.o [1]
CLOCK_DeinitVideoPll    0x8000'23cf     0xc  Code  Gb  fsl_clock.o [1]
CLOCK_DisableClock      0x8000'1cc9    0x10  Code  Lc  clock_config.o [1]
CLOCK_DisableClock      0x8000'32ed    0x10  Code  Lc  fsl_lpuart.o [1]
CLOCK_EnableClock       0x8000'2f63    0x10  Code  Lc  fsl_gpio.o [1]
CLOCK_EnableClock       0x8000'32dd    0x10  Code  Lc  fsl_lpuart.o [1]
CLOCK_EnableClock       0x8000'48c1    0x10  Code  Lc  zf_iomuxc.o [1]
CLOCK_GetDiv            0x8000'19dd    0x2a  Code  Lc  board.o [1]
CLOCK_GetMux            0x8000'19b3    0x2a  Code  Lc  board.o [1]
CLOCK_GetOscFreq        0x8000'1a07    0x12  Code  Lc  board.o [1]
CLOCK_GetOscFreq        0x8000'22a5    0x18  Code  Lc  fsl_clock.o [1]
CLOCK_GetPllBypassRefClk
                        0x8000'22e3    0x22  Code  Lc  fsl_clock.o [1]
CLOCK_GetPllFreq        0x8000'23e7   0x23e  Code  Gb  fsl_clock.o [1]
CLOCK_InitArmPll        0x8000'2379    0x40  Code  Gb  fsl_clock.o [1]
CLOCK_InitExternalClk   0x8000'2305    0x4a  Code  Gb  fsl_clock.o [1]
CLOCK_InitRcOsc24M      0x8000'236b     0xe  Code  Gb  fsl_clock.o [1]
CLOCK_IsPllBypassed     0x8000'22bd    0x10  Code  Lc  fsl_clock.o [1]
CLOCK_IsPllEnabled      0x8000'22cd    0x16  Code  Lc  fsl_clock.o [1]
CLOCK_SetDiv            0x8000'1c0b    0x76  Code  Lc  clock_config.o [1]
CLOCK_SetMux            0x8000'1b95    0x76  Code  Lc  clock_config.o [1]
CLOCK_SetPllBypass      0x8000'1ce9    0x2c  Code  Lc  clock_config.o [1]
CLOCK_SetRtcXtalFreq    0x8000'1ce1     0x8  Code  Lc  clock_config.o [1]
CLOCK_SetXtalFreq       0x8000'1cd9     0x8  Code  Lc  clock_config.o [1]
CLOCK_SwitchOsc         0x8000'234f    0x1c  Code  Gb  fsl_clock.o [1]
CSI_DriverIRQHandler    0x8000'2695    0x10  Code  Gb  fsl_csi.o [1]
CSI_IRQHandler          0x8000'42ab     0xc  Code  Gb  isr.o [1]
CSTACK$$Base            0x2006'f000           --   Gb  - Linker created -
CSTACK$$Limit           0x2007'0000           --   Gb  - Linker created -
ConvertFloatRadixNumToString
                        0x8000'3a31   0x19e  Code  Lc  fsl_str.o [1]
ConvertRadixNumToString
                        0x8000'38e1   0x150  Code  Lc  fsl_str.o [1]
DMA0_DMA16_DriverIRQHandler
                        0x8000'29d7    0x34  Code  Gb  fsl_edma.o [1]
DMA10_DMA26_DriverIRQHandler
                        0x8000'2bd5    0x30  Code  Gb  fsl_edma.o [1]
DMA11_DMA27_DriverIRQHandler
                        0x8000'2c05    0x2e  Code  Gb  fsl_edma.o [1]
DMA12_DMA28_DriverIRQHandler
                        0x8000'2c33    0x2e  Code  Gb  fsl_edma.o [1]
DMA13_DMA29_DriverIRQHandler
                        0x8000'2c61    0x2e  Code  Gb  fsl_edma.o [1]
DMA14_DMA30_DriverIRQHandler
                        0x8000'2c8f    0x2e  Code  Gb  fsl_edma.o [1]
DMA15_DMA31_DriverIRQHandler
                        0x8000'2cbd    0x2e  Code  Gb  fsl_edma.o [1]
DMA1_DMA17_DriverIRQHandler
                        0x8000'2a0b    0x34  Code  Gb  fsl_edma.o [1]
DMA2_DMA18_DriverIRQHandler
                        0x8000'2a3f    0x34  Code  Gb  fsl_edma.o [1]
DMA3_DMA19_DriverIRQHandler
                        0x8000'2a73    0x34  Code  Gb  fsl_edma.o [1]
DMA4_DMA20_DriverIRQHandler
                        0x8000'2aa7    0x34  Code  Gb  fsl_edma.o [1]
DMA5_DMA21_DriverIRQHandler
                        0x8000'2adb    0x34  Code  Gb  fsl_edma.o [1]
DMA6_DMA22_DriverIRQHandler
                        0x8000'2b0f    0x34  Code  Gb  fsl_edma.o [1]
DMA7_DMA23_DriverIRQHandler
                        0x8000'2b43    0x32  Code  Gb  fsl_edma.o [1]
DMA8_DMA24_DriverIRQHandler
                        0x8000'2b75    0x30  Code  Gb  fsl_edma.o [1]
DMA9_DMA25_DriverIRQHandler
                        0x8000'2ba5    0x30  Code  Gb  fsl_edma.o [1]
DTCM_VAR$$Base          0x2000'0050           --   Gb  - Linker created -
DTCM_VAR$$Limit         0x2000'9650           --   Gb  - Linker created -
DbgConsole_Init         0x8000'273b    0xe6  Code  Gb  fsl_debug_console.o [1]
DbgConsole_PrintCallback
                        0x8000'26fd    0x3e  Code  Lc  fsl_debug_console.o [1]
DbgConsole_Printf       0x8000'2821    0x3a  Code  Gb  fsl_debug_console.o [1]
DbgConsole_SendData     0x8000'26b5    0x48  Code  Gb  fsl_debug_console.o [1]
DebugMon_Handler        0x8000'c677     0x2  Code  Gb  common.o [1]
DefaultISR              0x7000'2871          Code  Wk  startup_MIMXRT1064.o [1]
DisableGlobalIRQ        0x8000'c685     0x8  Code  Lc  main.o [1]
EDMA_GetChannelStatusFlags
                        0x8000'2881    0x4a  Code  Gb  fsl_edma.o [1]
EDMA_HandleIRQ          0x8000'28d5   0x102  Code  Gb  fsl_edma.o [1]
ENET2_DriverIRQHandler  0x8000'2dbd     0xa  Code  Gb  fsl_enet.o [1]
ENET_1588_Timer_IRQHandler
                        0x8000'2da1    0x10  Code  Gb  fsl_enet.o [1]
ENET_CommonFrame0IRQHandler
                        0x8000'2d41    0x60  Code  Gb  fsl_enet.o [1]
ENET_DriverIRQHandler   0x8000'2db1     0xa  Code  Gb  fsl_enet.o [1]
ENET_GetInstance        0x8000'2cfd    0x36  Code  Gb  fsl_enet.o [1]
EnableGlobalIRQ         0x8000'c68d     0x6  Code  Lc  main.o [1]
FLEXIO1_DriverIRQHandler
                        0x8000'2ecd     0x8  Code  Gb  fsl_flexio.o [1]
FLEXIO2_DriverIRQHandler
                        0x8000'2ed5     0x8  Code  Gb  fsl_flexio.o [1]
FLEXIO3_DriverIRQHandler
                        0x8000'2edd     0x8  Code  Gb  fsl_flexio.o [1]
FLEXIO_CAMERA_ClearStatusFlags
                        0x8000'2eed    0x34  Code  Gb  fsl_flexio_camera.o [1]
FLEXIO_ClearShifterErrorFlags
                        0x8000'2ee9     0x4  Code  Lc  fsl_flexio_camera.o [1]
FLEXIO_ClearShifterStatusFlags
                        0x8000'2ee5     0x4  Code  Lc  fsl_flexio_camera.o [1]
FLEXIO_CommonIRQHandler
                        0x8000'2e81    0x3e  Code  Gb  fsl_flexio.o [1]
GPIO2_Combined_0_15_IRQHandler
                        0x8000'4331     0x8  Code  Gb  isr.o [1]
GPIO2_Combined_16_31_IRQHandler
                        0x8000'4319    0x10  Code  Gb  isr.o [1]
GPIO_ClearPinsInterruptFlags
                        0x8000'429b    0x10  Code  Lc  isr.o [1]
GPIO_ClearPinsInterruptFlags
                        0x8000'44b1    0x10  Code  Lc  SEEKFREE_SCC8660.o [1]
GPIO_GetInstance        0x8000'2f89    0x2e  Code  Lc  fsl_gpio.o [1]
GPIO_PinInit            0x8000'2fb7    0x58  Code  Gb  fsl_gpio.o [1]
GPIO_PinSetInterruptConfig
                        0x8000'3069    0xaa  Code  Gb  fsl_gpio.o [1]
GPIO_PinWrite           0x8000'300f    0x3a  Code  Gb  fsl_gpio.o [1]
GPIO_PortClearInterruptFlags
                        0x8000'4297     0x4  Code  Lc  isr.o [1]
GPIO_PortClearInterruptFlags
                        0x8000'44ad     0x4  Code  Lc  SEEKFREE_SCC8660.o [1]
GPIO_PortToggle         0x8000'47dd     0x6  Code  Lc  zf_gpio.o [1]
GPIO_SetPinInterruptConfig
                        0x8000'2f73    0x16  Code  Lc  fsl_gpio.o [1]
HAL_UartGetStatus       0x8000'4339    0x10  Code  Lc  lpuart_adapter.o [1]
HAL_UartInit            0x8000'4349    0xe8  Code  Gb  lpuart_adapter.o [1]
HAL_UartSendBlocking    0x8000'4431    0x5a  Code  Gb  lpuart_adapter.o [1]
HardFault_Handler       0x8000'c66d     0x2  Code  Gb  common.o [1]
IOMUXC_SetPinConfig     0x8000'48ed    0x10  Code  Lc  zf_iomuxc.o [1]
IOMUXC_SetPinMux        0x8000'48d1    0x1c  Code  Lc  zf_iomuxc.o [1]
ITCM_VAR$$Base                  0x8           --   Gb  - Linker created -
ITCM_VAR$$Limit                0x12           --   Gb  - Linker created -
InStream_Read           0x7000'2455    0x28  Code  Lc  lz77_init.o [4]
InStream_StepRegion     0x7000'2441    0x14  Code  Lc  lz77_init.o [4]
LPI2C1_DriverIRQHandler
                        0x8000'3153     0xc  Code  Gb  fsl_lpi2c.o [1]
LPI2C2_DriverIRQHandler
                        0x8000'315f     0xc  Code  Gb  fsl_lpi2c.o [1]
LPI2C3_DriverIRQHandler
                        0x8000'316b     0xc  Code  Gb  fsl_lpi2c.o [1]
LPI2C4_DriverIRQHandler
                        0x8000'3177     0xc  Code  Gb  fsl_lpi2c.o [1]
LPI2C_CommonIRQHandler  0x8000'3115    0x3e  Code  Lc  fsl_lpi2c.o [1]
LPSPI1_DriverIRQHandler
                        0x8000'31d5    0x24  Code  Gb  fsl_lpspi.o [1]
LPSPI2_DriverIRQHandler
                        0x8000'31f9    0x24  Code  Gb  fsl_lpspi.o [1]
LPSPI3_DriverIRQHandler
                        0x8000'321d    0x24  Code  Gb  fsl_lpspi.o [1]
LPSPI4_DriverIRQHandler
                        0x8000'3241    0x24  Code  Gb  fsl_lpspi.o [1]
LPSPI_CommonIRQHandler  0x8000'31ad    0x28  Code  Lc  fsl_lpspi.o [1]
LPSPI_IsMaster          0x8000'31a5     0x8  Code  Lc  fsl_lpspi.o [1]
LPUART1_DriverIRQHandler
                        0x8000'36ad    0x10  Code  Gb  fsl_lpuart.o [1]
LPUART2_DriverIRQHandler
                        0x8000'36c5    0x10  Code  Gb  fsl_lpuart.o [1]
LPUART3_DriverIRQHandler
                        0x8000'36d5    0x10  Code  Gb  fsl_lpuart.o [1]
LPUART4_DriverIRQHandler
                        0x8000'36e9    0x10  Code  Gb  fsl_lpuart.o [1]
LPUART5_DriverIRQHandler
                        0x8000'36f9    0x10  Code  Gb  fsl_lpuart.o [1]
LPUART6_DriverIRQHandler
                        0x8000'3709    0x10  Code  Gb  fsl_lpuart.o [1]
LPUART7_DriverIRQHandler
                        0x8000'3719    0x10  Code  Gb  fsl_lpuart.o [1]
LPUART8_DriverIRQHandler
                        0x8000'3729    0x10  Code  Gb  fsl_lpuart.o [1]
LPUART_Deinit           0x8000'359d    0x3e  Code  Gb  fsl_lpuart.o [1]
LPUART_GetDefaultConfig
                        0x8000'35db    0x6c  Code  Gb  fsl_lpuart.o [1]
LPUART_GetInstance      0x8000'330f    0x34  Code  Gb  fsl_lpuart.o [1]
LPUART_Init             0x8000'3343   0x25a  Code  Gb  fsl_lpuart.o [1]
LPUART_SoftwareReset    0x8000'32fd    0x12  Code  Lc  fsl_lpuart.o [1]
LPUART_WriteBlocking    0x8000'3647    0x38  Code  Gb  fsl_lpuart.o [1]
MemManage_Handler       0x8000'c66f     0x2  Code  Gb  common.o [1]
NMI_Handler             0x8000'c66b     0x2  Code  Gb  common.o [1]
OutStream_Write         0x7000'247d    0x42  Code  Lc  lz77_init.o [4]
PIT_ClearStatusFlags    0x8000'4289     0xe  Code  Lc  isr.o [1]
PIT_GetStatusFlags      0x8000'4279    0x10  Code  Lc  isr.o [1]
PIT_IRQHandler          0x8000'42b7    0x62  Code  Gb  isr.o [1]
PORTPTR                 0x2000'0000    0x28  Data  Gb  zf_gpio.o [1]
PendSV_Handler          0x8000'c679     0x2  Code  Gb  common.o [1]
RW$$Base                0x8000'0400           --   Gb  - Linker created -
RW$$Limit               0x8000'c92e           --   Gb  - Linker created -
Region$$Table$$Base     0x7000'28c0           --   Gb  - Linker created -
Region$$Table$$Limit    0x7000'292c           --   Gb  - Linker created -
Reset_Handler           0x7000'2809          Code  Gb  startup_MIMXRT1064.o [1]
SAI1_DriverIRQHandler   0x8000'3765    0x5a  Code  Gb  fsl_sai.o [1]
SAI2_DriverIRQHandler   0x8000'37bf    0x5a  Code  Gb  fsl_sai.o [1]
SAI3_RX_DriverIRQHandler
                        0x8000'383f    0x26  Code  Gb  fsl_sai.o [1]
SAI3_TX_DriverIRQHandler
                        0x8000'3819    0x26  Code  Gb  fsl_sai.o [1]
SCB_DisableDCache       0x8000'195f    0x54  Code  Lc  board.o [1]
SCB_DisableICache       0x8000'18e9    0x22  Code  Lc  board.o [1]
SCB_EnableDCache        0x8000'190b    0x54  Code  Lc  board.o [1]
SCB_EnableDCache        0x7000'267b    0x54  Code  Lc  system_MIMXRT1064.o [1]
SCB_EnableICache        0x8000'18bf    0x2a  Code  Lc  board.o [1]
SCB_EnableICache        0x7000'2651    0x2a  Code  Lc  system_MIMXRT1064.o [1]
SPDIF_DriverIRQHandler  0x8000'389d    0x32  Code  Gb  fsl_spdif.o [1]
SVC_Handler             0x8000'c675     0x2  Code  Gb  common.o [1]
SerialManager_Init      0x8000'4585    0x6c  Code  Gb  serial_manager.o [1]
SerialManager_OpenReadHandle
                        0x8000'4647    0x5e  Code  Gb  serial_manager.o [1]
SerialManager_OpenWriteHandle
                        0x8000'45f1    0x56  Code  Gb  serial_manager.o [1]
SerialManager_StartWriting
                        0x8000'44dd    0x34  Code  Lc  serial_manager.o [1]
SerialManager_Write     0x8000'4511    0x74  Code  Lc  serial_manager.o [1]
SerialManager_WriteBlocking
                        0x8000'46a5    0x14  Code  Gb  serial_manager.o [1]
Serial_UartInit         0x8000'46d9    0x6e  Code  Gb  serial_port_uart.o [1]
Serial_UartWrite        0x8000'4747    0x52  Code  Gb  serial_port_uart.o [1]
StrFormatPrintf         0x8000'3bd9   0x66c  Code  Gb  fsl_str.o [1]
SysTick_Handler         0x8000'c67b     0x2  Code  Gb  common.o [1]
SystemCoreClock         0x2000'004c     0x4  Data  Gb  system_MIMXRT1064.o [1]
SystemInit              0x7000'26cf    0xb0  Code  Gb  system_MIMXRT1064.o [1]
UARTN                   0x2000'0028    0x24  Data  Gb  zf_uart.o [1]
USDHC1_DriverIRQHandler
                        0x8000'4245    0x12  Code  Gb  fsl_usdhc.o [1]
USDHC2_DriverIRQHandler
                        0x8000'4257    0x12  Code  Gb  fsl_usdhc.o [1]
UsageFault_Handler      0x8000'c673     0x2  Code  Gb  common.o [1]
ZI$$Base                0x2000'9660           --   Gb  - Linker created -
ZI$$Limit               0x2000'982c           --   Gb  - Linker created -
__CSTACK_ADDRESS {Abs}  0x2007'0000          Data  Gb  <internal module>
__NVIC_SetPriorityGrouping
                        0x8000'185d    0x22  Code  Lc  board.o [1]
__RAM_VECTOR_TABLE_SIZE {Abs}
                              0x400          Data  Gb  <internal module>
__VECTOR_RAM {Abs}      0x8000'0000          Data  Gb  <internal module>
__VECTOR_TABLE {Abs}    0x7000'2000          Data  Gb  <internal module>
__aeabi_assert          0x8000'2289    0x1c  Code  Gb  fsl_assert.o [1]
__aeabi_d2lz            0x8000'ba8d          Code  Gb  DblToS64.o [3]
__aeabi_l2d             0x8000'bae9          Code  Gb  S64ToDbl.o [3]
__aeabi_ldiv0           0x8000'c181          Code  Gb  I64DivZer.o [4]
__aeabi_ldivmod         0x8000'b7e1          Code  Gb  I64DivMod.o [4]
__aeabi_memclr4         0x8000'b7d9          Code  Gb  ABImemclr4.o [4]
__aeabi_memcpy4         0x8000'b751          Code  Gb  ABImemcpy.o [4]
__aeabi_memcpy8         0x8000'b751          Code  Gb  ABImemcpy.o [4]
__aeabi_memset          0x8000'b6e9          Code  Gb  ABImemset.o [4]
__aeabi_uldivmod        0x8000'b825          Code  Gb  I64DivMod.o [4]
__cmain                 0x7000'293d          Code  Gb  cmain.o [4]
__exit                  0x7000'263d    0x14  Code  Gb  exit.o [5]
__iar_Exp64             0x8000'c185   0x368  Code  Gb  iar_Exp64.o [3]
__iar_Memset            0x8000'b6e9          Code  Gb  ABImemset.o [4]
__iar_Memset4_word      0x8000'c14d          Code  Gb  ABImemset48.o [4]
__iar_Memset8_word      0x8000'c14d          Code  Gb  ABImemset48.o [4]
__iar_Memset_word       0x8000'b6f1          Code  Gb  ABImemset.o [4]
__iar_Pow64             0x8000'bbdd   0x4e4  Code  Lc  pow64.o [3]
__iar_data_init3        0x7000'2875    0x28  Code  Gb  data_init.o [4]
__iar_frexp             0x8000'c505          Code  Gb  frexp.o [3]
__iar_frexp64           0x8000'c4ed          Code  Gb  frexp.o [3]
__iar_frexpl            0x8000'c505          Code  Gb  frexp.o [3]
__iar_init_vfp          0x7000'289d          Code  Gb  fpinit_M.o [3]
__iar_ldexp64           0x8000'c569          Code  Gb  ldexp.o [3]
__iar_lz77_init3        0x7000'24bf   0x178  Code  Gb  lz77_init.o [4]
__iar_modf              0x8000'bb4d          Code  Gb  modf.o [3]
__iar_modf64            0x8000'bb3d          Code  Gb  modf.o [3]
__iar_modfl             0x8000'bb4d          Code  Gb  modf.o [3]
__iar_pow64             0x8000'c149     0x4  Code  Gb  pow64.o [3]
__iar_pow_medium        0x8000'c149     0x4  Code  Gb  pow64.o [3]
__iar_pow_medium64      0x8000'c149     0x4  Code  Gb  pow64.o [3]
__iar_pow_mediuml       0x8000'c149     0x4  Code  Gb  pow64.o [3]
__iar_program_start     0x7000'295f          Code  Gb  cstartup_M.o [4]
__iar_scalbln64         0x8000'c569          Code  Gb  ldexp.o [3]
__iar_scalbn64          0x8000'c569          Code  Gb  ldexp.o [3]
__iar_zero_init3        0x7000'27cf    0x3a  Code  Gb  zero_init3.o [4]
__low_level_init        0x7000'295b     0x4  Code  Gb  low_level_init.o [2]
__vector_table          0x7000'2400          Data  Gb  vector_table_M.o [4]
__zf_vector_table       0x7000'2000   0x400  Data  Gb  zf_vector.o [1]
_call_main              0x7000'2949          Code  Gb  cmain.o [4]
_exit                   0x8000'c661          Code  Gb  cexit.o [4]
_main                   0x7000'2957          Code  Gb  cmain.o [4]
abort                   0x7000'2637     0x6  Code  Gb  abort.o [2]
armPllConfig_BOARD_BootClockRUN
                        0x8000'08e4     0x8  Data  Gb  clock_config.o [1]
board_init              0x8000'1ae7    0x24  Code  Gb  board.o [1]
boot_data               0x7000'1020    0x10  Data  Gb  fsl_flexspi_nor_boot.o [1]
dcd_data                0x7000'1030   0x430  Data  Gb  evkmimxrt1064_sdram_ini_dcd.o [1]
dma_restart             0x8000'47b9    0x14  Code  Gb  zf_camera.o [1]
exit                    0x8000'c92b     0x4  Code  Gb  exit.o [2]
flexio_flag_clear       0x8000'47ad     0xc  Code  Gb  zf_camera.o [1]
frexp                   0x8000'c4ed          Code  Gb  frexp.o [3]
frexpl                  0x8000'c4ed          Code  Gb  frexp.o [3]
g_rtcXtalFreq           0x2000'9664     0x4  Data  Gb  fsl_clock.o [1]
g_serialHandle          0x2000'968c     0x4  Data  Gb  fsl_debug_console.o [1]
g_xtalFreq              0x2000'9660     0x4  Data  Gb  fsl_clock.o [1]
gpio_init               0x8000'47e3    0x6c  Code  Gb  zf_gpio.o [1]
gpio_toggle             0x8000'484f    0x1e  Code  Gb  zf_gpio.o [1]
image_vector_table      0x7000'1000    0x20  Data  Gb  fsl_flexspi_nor_boot.o [1]
iomuxc_pinconf          0x8000'48fd  0x694c  Code  Gb  zf_iomuxc.o [1]
ldexp                   0x8000'c569          Code  Gb  ldexp.o [3]
ldexpl                  0x8000'c569          Code  Gb  ldexp.o [3]
lnbias                  0x8000'0400   0x420  Data  Lc  pow64.o [3]
m_boot_hdr_conf_start {Abs}
                        0x7000'0000          Data  Gb  <internal module>
main                    0x8000'c693    0x2c  Code  Gb  main.o [1]
modf                    0x8000'bb3d          Code  Gb  modf.o [3]
modfl                   0x8000'bb3d          Code  Gb  modf.o [3]
pow                     0x8000'c149     0x4  Code  Gb  pow64.o [3]
powl                    0x8000'c149     0x4  Code  Gb  pow64.o [3]
qspiflash_config        0x7000'0000   0x200  Data  Gb  evkmimxrt1064_flexspi_nor_config.o [1]
s_EDMAHandle            0x2000'9690    0x80  Data  Lc  fsl_edma.o [1]
s_ENETHandle            0x2000'9710     0x8  Data  Lc  fsl_enet.o [1]
s_FlexioCameraDevice    0x2000'9810    0x1c  Data  Lc  zf_camera.o [1]
s_LpuartAdapterBase     0x8000'145c    0x24  Data  Lc  lpuart_adapter.o [1]
s_csiHandle             0x2000'9668     0x4  Data  Lc  fsl_csi.o [1]
s_csiIsr                0x2000'966c     0x4  Data  Lc  fsl_csi.o [1]
s_debugConsoleState     0x2000'9670    0x1c  Data  Lc  fsl_debug_console.o [1]
s_enetBases             0x8000'0c74     0xc  Data  Lc  fsl_enet.o [1]
s_enetErrIsr            0x2000'9720     0x4  Data  Lc  fsl_enet.o [1]
s_enetRxIsr             0x2000'971c     0x4  Data  Lc  fsl_enet.o [1]
s_enetTsIsr             0x2000'9724     0x4  Data  Lc  fsl_enet.o [1]
s_enetTxIsr             0x2000'9718     0x4  Data  Lc  fsl_enet.o [1]
s_flexcanHandle         0x2000'9728    0x10  Data  Lc  fsl_flexcan.o [1]
s_flexcanIsr            0x2000'9738     0x4  Data  Lc  fsl_flexcan.o [1]
s_flexioHandle          0x2000'973c     0x8  Data  Lc  fsl_flexio.o [1]
s_flexioIsr             0x2000'974c     0x8  Data  Lc  fsl_flexio.o [1]
s_flexioType            0x2000'9744     0x8  Data  Lc  fsl_flexio.o [1]
s_gpioBases             0x8000'0ef4    0x28  Data  Lc  fsl_gpio.o [1]
s_gpioClock             0x8000'0f1c     0xc  Data  Lc  fsl_gpio.o [1]
s_lpi2cMasterHandle     0x2000'9758    0x14  Data  Lc  fsl_lpi2c.o [1]
s_lpi2cMasterIsr        0x2000'9754     0x4  Data  Lc  fsl_lpi2c.o [1]
s_lpi2cSlaveHandle      0x2000'9770    0x14  Data  Lc  fsl_lpi2c.o [1]
s_lpi2cSlaveIsr         0x2000'976c     0x4  Data  Lc  fsl_lpi2c.o [1]
s_lpspiHandle           0x2000'9784    0x14  Data  Lc  fsl_lpspi.o [1]
s_lpspiMasterIsr        0x2000'9798     0x4  Data  Lc  fsl_lpspi.o [1]
s_lpspiSlaveIsr         0x2000'979c     0x4  Data  Lc  fsl_lpspi.o [1]
s_lpuartBases           0x8000'120c    0x24  Data  Lc  fsl_lpuart.o [1]
s_lpuartClock           0x8000'1230    0x14  Data  Lc  fsl_lpuart.o [1]
s_lpuartHandle          0x2000'97a0    0x24  Data  Lc  fsl_lpuart.o [1]
s_lpuartIsr             0x2000'97c4     0x4  Data  Lc  fsl_lpuart.o [1]
s_saiHandle             0x2000'97c8    0x20  Data  Lc  fsl_sai.o [1]
s_saiRxIsr              0x2000'97ec     0x4  Data  Lc  fsl_sai.o [1]
s_saiTxIsr              0x2000'97e8     0x4  Data  Lc  fsl_sai.o [1]
s_spdifHandle           0x2000'97f0     0x8  Data  Gb  fsl_spdif.o [1]
s_spdifRxIsr            0x2000'97fc     0x4  Data  Lc  fsl_spdif.o [1]
s_spdifTxIsr            0x2000'97f8     0x4  Data  Lc  fsl_spdif.o [1]
s_usdhcBase             0x8000'130c     0xc  Data  Lc  fsl_usdhc.o [1]
s_usdhcHandle           0x2000'9800     0xc  Data  Lc  fsl_usdhc.o [1]
s_usdhcIsr              0x2000'980c     0x4  Data  Lc  fsl_usdhc.o [1]
scalbln                 0x8000'c569          Code  Gb  ldexp.o [3]
scalblnl                0x8000'c569          Code  Gb  ldexp.o [3]
scalbn                  0x8000'c569          Code  Gb  ldexp.o [3]
scalbnl                 0x8000'c569          Code  Gb  ldexp.o [3]
scc8660_image           0x2000'0050  0x9600  Data  Gb  SEEKFREE_SCC8660.o [1]
scc8660_vsync           0x8000'44c1    0x14  Code  Gb  SEEKFREE_SCC8660.o [1]
strlen                  0x8000'ba55          Code  Gb  strlen.o [4]
test                            0x9     0xa  Code  Gb  main.o [1]
uart_init               0x8000'b66f    0x6e  Code  Gb  zf_uart.o [1]
uart_iomuxc             0x8000'b321   0x34e  Code  Gb  zf_uart.o [1]


[1] = E:\useful document\软件\RT1064核心板资料 (1)\RT1064核心板资料\【代码】RT1064开源库+例程\RT1064TEST1\Projecct\IAR\program\nor_sdram_zf_dtcm\Obj
[2] = dl7M_tln.a
[3] = m7M_tlv.a
[4] = rt7M_tl.a
[5] = shb_l.a

   1 276 bytes of readonly  code memory
  45 276 bytes of readwrite code memory
  28 768 bytes of readonly  data memory
  48 248 bytes of readwrite data memory

Errors: none
Warnings: none
